<html>
<body>
<pre>
<h1>µVision Build Log</h1>
<h2>Tool Versions:</h2>
IDE-Version: µVision V5.29.0.0
Copyright (C) 2019 ARM Ltd and ARM Germany GmbH. All rights reserved.
License Information: MEHMET ALÝ SALEP, NO COMPANY, LIC=----
 
Tool Versions:
Toolchain:       MDK-Lite  Version: 5.29.0.0
Toolchain Path:  C:\Users\LENOVO\Desktop\STM32 egitimi\Keil UVision\ARM\ARMCLANG\Bin
C Compiler:      ArmClang.exe V6.13.1
Assembler:       Armasm.exe V6.13.1
Linker/Locator:  ArmLink.exe V6.13.1
Library Manager: ArmAr.exe V6.13.1
Hex Converter:   FromElf.exe V6.13.1
CPU DLL:         SARMCM3.DLL V5.29.0.0
Dialog DLL:      DCM.DLL V1.17.3.0
Target DLL:      UL2CM3.DLL V1.163.0.0
Dialog DLL:      TCM.DLL V1.36.5.0
 
<h2>Project:</h2>
C:\Users\LENOVO\Desktop\STM32 egitimi\projeler keil ile\15_ADC_DERS\adc_ders.uvprojx
Project File Date:  09/26/2022

<h2>Output:</h2>
*** Using Compiler 'V6.13.1', folder: 'C:\Users\LENOVO\Desktop\STM32 egitimi\Keil UVision\ARM\ARMCLANG\Bin'
Build target 'Target 1'
assembling startup_stm32f10x_md_vl.s...
C:/Users/LENOVO/Desktop/STM32 egitimi/Keil UVision/Keil/STM32F1xx_DFP/2.4.0/Device/StdPeriph_Driver/src/misc.c(131): warning: implicit conversion loses integer precision: 'uint32_t' (aka 'unsigned int') to 'uint8_t' (aka 'unsigned char') [-Wimplicit-int-conversion]
    NVIC->IP[NVIC_InitStruct->NVIC_IRQChannel] = tmppriority;
                                               ~ ^~~~~~~~~~~
1 warning generated.
compiling misc.c...
main15.c(1): warning: In file included from...
C:/Users/LENOVO/Desktop/STM32 egitimi/Keil UVision/Keil/STM32F1xx_DFP/2.4.0/Device/Include\stm32f10x.h(8347): warning: In file included from...
./RTE/Device/STM32F100RB\stm32f10x_conf.h(30): warning: In file included from...
C:/Users/LENOVO/Desktop/STM32 egitimi/Keil UVision/Keil/STM32F1xx_DFP/2.4.0/Device/StdPeriph_Driver/inc\stm32f10x_adc.h(63): warning: padding struct 'ADC_InitTypeDef' with 2 bytes to align 'ADC_ExternalTrigConv' [-Wpadded]
  uint32_t ADC_ExternalTrigConv;          /*!< Defines the external trigger used to start the analog
           ^
C:/Users/LENOVO/Desktop/STM32 egitimi/Keil UVision/Keil/STM32F1xx_DFP/2.4.0/Device/StdPeriph_Driver/inc\stm32f10x_adc.h(49): warning: padding size of 'ADC_InitTypeDef' with 3 bytes to alignment boundary [-Wpadded]
typedef struct
        ^
main15.c(44): warning: while loop has empty body [-Wempty-body]
         while(ADC_GetFlagStatus(ADC1,ADC_FLAG_EOC)==RESET);
                                                           ^
main15.c(44): note: put the semicolon on a separate line to silence this warning
3 warnings generated.
compiling main15.c...
C:/Users/LENOVO/Desktop/STM32 egitimi/Keil UVision/Keil/STM32F1xx_DFP/2.4.0/RTE_Driver/GPIO_STM32F10x.c(26): warning: In file included from...
C:/Users/LENOVO/Desktop/STM32 egitimi/Keil UVision/Keil/STM32F1xx_DFP/2.4.0/RTE_Driver/GPIO_STM32F10x.h(246): warning: implicit conversion loses integer precision: 'volatile uint32_t' (aka 'volatile unsigned int') to 'uint16_t' (aka 'unsigned short') [-Wimplicit-int-conversion]
  return (GPIOx->IDR);
  ~~~~~~  ~~~~~~~^~~
C:/Users/LENOVO/Desktop/STM32 egitimi/Keil UVision/Keil/STM32F1xx_DFP/2.4.0/RTE_Driver/GPIO_STM32F10x.c(128): warning: integer constant not in range of enumerated type 'GPIO_CONF' [-Wassign-enum]
      conf &= ~1;
              ^
C:/Users/LENOVO/Desktop/STM32 egitimi/Keil UVision/Keil/STM32F1xx_DFP/2.4.0/RTE_Driver/GPIO_STM32F10x.c(140): warning: implicit conversion changes signedness: 'int' to 'unsigned int' [-Wsign-conversion]
  *reg &= ~(0xF << (num << 2));
       ~~ ^~~~~~~~~~~~~~~~~~~~
C:/Users/LENOVO/Desktop/STM32 egitimi/Keil UVision/Keil/STM32F1xx_DFP/2.4.0/RTE_Driver/GPIO_STM32F10x.c(141): warning: implicit conversion changes signedness: 'int' to 'unsigned int' [-Wsign-conversion]
  *reg |= ((conf << 2) | mode) << (num << 2);
       ~~ ~~~~~~~~~~~~~~~~~~~~~^~~~~~~~~~~~~
4 warnings generated.
compiling GPIO_STM32F10x.c...
compiling stm32f10x_gpio.c...
compiling stm32f10x_rcc.c...
C:/Users/LENOVO/Desktop/STM32 egitimi/Keil UVision/Keil/STM32F1xx_DFP/2.4.0/Device/StdPeriph_Driver/src/stm32f10x_adc.c(22): warning: In file included from...
C:/Users/LENOVO/Desktop/STM32 egitimi/Keil UVision/Keil/STM32F1xx_DFP/2.4.0/Device/StdPeriph_Driver/inc\stm32f10x_adc.h(63): warning: padding struct 'ADC_InitTypeDef' with 2 bytes to align 'ADC_ExternalTrigConv' [-Wpadded]
  uint32_t ADC_ExternalTrigConv;          /*!< Defines the external trigger used to start the analog
           ^
C:/Users/LENOVO/Desktop/STM32 egitimi/Keil UVision/Keil/STM32F1xx_DFP/2.4.0/Device/StdPeriph_Driver/inc\stm32f10x_adc.h(49): warning: padding size of 'ADC_InitTypeDef' with 3 bytes to alignment boundary [-Wpadded]
typedef struct
        ^
2 warnings generated.
compiling stm32f10x_adc.c...
RTE/Device/STM32F100RB/system_stm32f10x.c(166): warning: no previous extern declaration for non-static variable 'AHBPrescTable' [-Wmissing-variable-declarations]
__I uint8_t AHBPrescTable[16] = {0, 0, 0, 0, 0, 0, 0, 0, 1, 2, 3, 4, 6, 7, 8, 9};
            ^
RTE/Device/STM32F100RB/system_stm32f10x.c(166): note: declare 'static' if the variable is not intended to be used outside of this translation unit
__I uint8_t AHBPrescTable[16] = {0, 0, 0, 0, 0, 0, 0, 0, 1, 2, 3, 4, 6, 7, 8, 9};
    ^
1 warning generated.
compiling system_stm32f10x.c...
linking...
Program Size: Code=1196 RO-data=304 RW-data=0 ZI-data=1632  
FromELF: creating hex file...
".\Objects\adc_ders.axf" - 0 Error(s), 11 Warning(s).

<h2>Software Packages used:</h2>

Package Vendor: ARM
                http://www.keil.com/pack/ARM.CMSIS.5.9.0.pack
                ARM.CMSIS.5.9.0
                CMSIS (Common Microcontroller Software Interface Standard)
   * Component: CORE Version: 5.6.0

Package Vendor: Keil
                http://www.keil.com/pack/Keil.STM32F1xx_DFP.2.4.0.pack
                Keil.STM32F1xx_DFP.2.4.0
                STMicroelectronics STM32F1 Series Device Support, Drivers and Examples
   * Component: GPIO Version: 1.3
   * Component: Startup Version: 1.0.0
   * Component: ADC Version: 3.6.0
   * Component: Framework Version: 3.6.0
   * Component: GPIO Version: 3.6.0
   * Component: RCC Version: 3.6.0

<h2>Collection of Component include folders:</h2>
  .\RTE\Device\STM32F100RB
  .\RTE\_Target_1
  C:\Users\LENOVO\Desktop\STM32 egitimi\Keil UVision\ARM\CMSIS\5.9.0\CMSIS\Core\Include
  C:\Users\LENOVO\Desktop\STM32 egitimi\Keil UVision\Keil\STM32F1xx_DFP\2.4.0\Device\Include
  C:\Users\LENOVO\Desktop\STM32 egitimi\Keil UVision\Keil\STM32F1xx_DFP\2.4.0\Device\StdPeriph_Driver\inc
  C:\Users\LENOVO\Desktop\STM32 egitimi\Keil UVision\Keil\STM32F1xx_DFP\2.4.0\RTE_Driver

<h2>Collection of Component Files used:</h2>

   * Component: ARM::CMSIS:CORE:5.6.0

   * Component: Keil::Device:GPIO:1.3
      Include file:  RTE_Driver\GPIO_STM32F10x.h
      Source file:   RTE_Driver\GPIO_STM32F10x.c

   * Component: Keil::Device:Startup:1.0.0
      Source file:   Device\Source\ARM\STM32F1xx_OPT.s
      Source file:   Device\Source\ARM\startup_stm32f10x_md_vl.s
      Source file:   Device\Source\system_stm32f10x.c
      Include file:  RTE_Driver\Config\RTE_Device.h

   * Component: Keil::Device:StdPeriph Drivers:ADC:3.6.0
      Include file:  Device\StdPeriph_Driver\inc\stm32f10x_adc.h
      Source file:   Device\StdPeriph_Driver\src\stm32f10x_adc.c

   * Component: Keil::Device:StdPeriph Drivers:Framework:3.6.0
      Source file:   Device\StdPeriph_Driver\templates\stm32f10x_it.c
      Include file:  Device\StdPeriph_Driver\templates\stm32f10x_it.h
      Include file:  Device\StdPeriph_Driver\inc\misc.h
      Source file:   Device\StdPeriph_Driver\templates\stm32f10x_conf.h
      Source file:   Device\StdPeriph_Driver\src\misc.c

   * Component: Keil::Device:StdPeriph Drivers:GPIO:3.6.0
      Include file:  Device\StdPeriph_Driver\inc\stm32f10x_gpio.h
      Source file:   Device\StdPeriph_Driver\src\stm32f10x_gpio.c

   * Component: Keil::Device:StdPeriph Drivers:RCC:3.6.0
      Include file:  Device\StdPeriph_Driver\inc\stm32f10x_rcc.h
      Source file:   Device\StdPeriph_Driver\src\stm32f10x_rcc.c
Build Time Elapsed:  00:00:01
</pre>
</body>
</html>
